// Jest Snapshot v1, https://goo.gl/fbAQLP

exports[`Given a ManageProjectPage component When instantiated as a create project page Then it should match the snapshot 1`] = `
Array [
  <h2
    className="page__title"
  >
    New project
  </h2>,
  <form
    className="sc-bczRLJ jzjTXG"
    data-testid="form"
    onSubmit={[Function]}
  >
    <header
      className="sc-gsnTZi kjzfXG"
    >
      <h3
        className="form__title"
      >
        Tell us about your project
      </h3>
    </header>
    <div
      className="sc-dkzDqf bRizeo"
    >
      <label
        className="sc-hKMtZM chFrlm"
        htmlFor="name"
      >
        Name
      </label>
      <input
        className="sc-eCYdqJ dwpIGp"
        id="name"
        name="name"
        onChange={[Function]}
        placeholder="Music app"
        type="text"
        value=""
      />
    </div>
    <div
      className="sc-dkzDqf bRizeo"
    >
      <label
        className="sc-hKMtZM chFrlm"
        htmlFor="repository"
      >
        Repository URL
      </label>
      <input
        className="sc-eCYdqJ dwpIGp"
        id="repository"
        name="repository"
        onChange={[Function]}
        placeholder="http://www.github.com/music-app"
        type="text"
        value=""
      />
    </div>
    <div
      className="sc-dkzDqf bRizeo area"
    >
      <label
        className="sc-hKMtZM chFrlm"
        htmlFor="logo"
      >
        Project logo
      </label>
      <input
        className="sc-eCYdqJ dwpIGp"
        id="logo"
        name="logo"
        onChange={[Function]}
        type="file"
        value=""
      />
    </div>
    <div
      className="sc-dkzDqf bRizeo"
    >
      <label
        className="sc-hKMtZM chFrlm"
        htmlFor="technologyFront"
      >
        Frontend main library or framework
      </label>
      <input
        className="sc-eCYdqJ dwpIGp"
        id="technologyFront"
        name="technologyFront"
        onChange={[Function]}
        placeholder="React"
        type="text"
        value=""
      />
    </div>
    <div
      className="sc-dkzDqf bRizeo"
    >
      <label
        className="sc-hKMtZM chFrlm"
        htmlFor="technologyBack"
      >
        Backend main library or framework
      </label>
      <input
        className="sc-eCYdqJ dwpIGp"
        id="technologyBack"
        name="technologyBack"
        onChange={[Function]}
        placeholder="Express"
        type="text"
        value=""
      />
    </div>
    <div
      className="sc-dkzDqf bRizeo area"
    >
      <label
        className="sc-hKMtZM chFrlm"
        htmlFor="description"
      >
        Description
      </label>
      <textarea
        className="sc-eCYdqJ dwpIGp"
        id="description"
        name="description"
        onChange={[Function]}
        placeholder="Music app is about sharing music between users"
        type=""
        value=""
      />
    </div>
    <div
      className="sc-iBkjds hTcyAC"
    >
      <ul
        className="error-list"
      />
    </div>
    <footer
      className="sc-jSMfEi etMdQu"
    >
      <button
        className="sc-gKXOVf fgJUzp undefined button--default "
        onClick={[Function]}
        rel="noopener noreferrer"
        target="_blank"
        type="submit"
      >
        Create project
      </button>
    </footer>
  </form>,
]
`;

exports[`Given a ManageProjectPage component When instantiated as a update project page Then it should match the snapshot 1`] = `
Array [
  <h2
    className="page__title"
  >
    Update project
  </h2>,
  <span>
    Loading the requested project...
  </span>,
]
`;
