// Jest Snapshot v1, https://goo.gl/fbAQLP

exports[`Given a ExplorePage component When instantiated Then it should match the snapshot 1`] = `
Array [
  <h2
    className="page__title"
  >
    These are the
    <span
      className="page__title--bold"
    >
       latest projects
    </span>
  </h2>,
  <span>
    No projects found.
  </span>,
]
`;
