// Jest Snapshot v1, https://goo.gl/fbAQLP

exports[`Given a ManageContacts component When instantiated Then it should match the snapshot 1`] = `
<div
  className="sc-kDDrLX devrGj"
>
  <h2
    className="page__title"
  >
    Meet other 
    <span
      className="page__title--bold"
    >
      authors
    </span>
  </h2>
  <form
    className="sc-bczRLJ jzjTXG search-bar__container"
    onSubmit={[Function]}
  >
    <div
      className="sc-dkzDqf bRizeo area"
    >
      <label
        className="sc-hKMtZM chFrlm"
        htmlFor="search"
      >
        Find a friend
      </label>
      <input
        className="sc-eCYdqJ dwpIGp  search-bar"
        id="search"
        name="search"
        onChange={[Function]}
        placeholder="Search..."
        type=""
        value=""
      />
    </div>
    <button
      className="sc-gKXOVf fgJUzp undefined button--default "
      onClick={[Function]}
      rel="noopener noreferrer"
      target="_blank"
    >
      Add friend
    </button>
  </form>
  <section
    className="friends"
  >
    <h3
      className="page__subheading"
    >
      Your friends
    </h3>
    <ul
      className="sc-jqUVSM hKyCQk"
    >
      <span>
        You don't seem to have any contacts :(
      </span>
    </ul>
  </section>
</div>
`;
